---
source: src/bim.rs
expression: modeling_result
---
number_of_people_in_building: 0
evacuation_time_in_seconds: 25.200000000000014
number_of_evacuated_people: 83.7347693024665

