---
source: src/bim.rs
expression: modeling_result
---
number_of_people_in_building: 0
evacuation_time_in_seconds: 1601.4000000000824
number_of_evacuated_people: 7744.7594554748775

