---
source: src/bim.rs
expression: modeling_result
---
number_of_people_in_building: 0
evacuation_time_in_seconds: 1560.600000000076
number_of_evacuated_people: 7162.6189305037715

