---
source: src/bim.rs
expression: modeling_result
---
number_of_people_in_building: 0
evacuation_time_in_seconds: 184.1999999999987
number_of_evacuated_people: 403.6315949320408

